Archive member included to satisfy reference by file (symbol)

/usr/lib/gcc/avr/4.9.2/../../../avr/lib/avr51/libprintf_flt.a(vfprintf_flt.o)
                              (vfprintf)
/usr/lib/gcc/avr/4.9.2/../../../avr/lib/avr51/libm.a(addsf3.o)
                              main.o (__subsf3)
/usr/lib/gcc/avr/4.9.2/../../../avr/lib/avr51/libm.a(addsf3x.o)
                              /usr/lib/gcc/avr/4.9.2/../../../avr/lib/avr51/libm.a(addsf3.o) (__addsf3x)
/usr/lib/gcc/avr/4.9.2/../../../avr/lib/avr51/libm.a(cmpsf2.o)
                              main.o (__nesf2)
/usr/lib/gcc/avr/4.9.2/../../../avr/lib/avr51/libm.a(divsf3.o)
                              main.o (__divsf3)
/usr/lib/gcc/avr/4.9.2/../../../avr/lib/avr51/libm.a(divsf3x.o)
                              /usr/lib/gcc/avr/4.9.2/../../../avr/lib/avr51/libm.a(divsf3.o) (__divsf3x)
/usr/lib/gcc/avr/4.9.2/../../../avr/lib/avr51/libm.a(fixsfsi.o)
                              main.o (__fixsfsi)
/usr/lib/gcc/avr/4.9.2/../../../avr/lib/avr51/libm.a(fixunssfsi.o)
                              main.o (__fixunssfsi)
/usr/lib/gcc/avr/4.9.2/../../../avr/lib/avr51/libm.a(floatsisf.o)
                              main.o (__floatsisf)
/usr/lib/gcc/avr/4.9.2/../../../avr/lib/avr51/libm.a(floor.o)
                              main.o (floor)
/usr/lib/gcc/avr/4.9.2/../../../avr/lib/avr51/libm.a(fmod.o)
                              main.o (fmod)
/usr/lib/gcc/avr/4.9.2/../../../avr/lib/avr51/libm.a(fp_cmp.o)
                              /usr/lib/gcc/avr/4.9.2/../../../avr/lib/avr51/libm.a(cmpsf2.o) (__fp_cmp)
/usr/lib/gcc/avr/4.9.2/../../../avr/lib/avr51/libm.a(fp_inf.o)
                              /usr/lib/gcc/avr/4.9.2/../../../avr/lib/avr51/libm.a(addsf3x.o) (__fp_inf)
/usr/lib/gcc/avr/4.9.2/../../../avr/lib/avr51/libm.a(fp_mintl.o)
                              /usr/lib/gcc/avr/4.9.2/../../../avr/lib/avr51/libm.a(floor.o) (__fp_mintl)
/usr/lib/gcc/avr/4.9.2/../../../avr/lib/avr51/libm.a(fp_mpack.o)
                              /usr/lib/gcc/avr/4.9.2/../../../avr/lib/avr51/libm.a(floor.o) (__fp_mpack)
/usr/lib/gcc/avr/4.9.2/../../../avr/lib/avr51/libm.a(fp_nan.o)
                              /usr/lib/gcc/avr/4.9.2/../../../avr/lib/avr51/libm.a(addsf3x.o) (__fp_nan)
/usr/lib/gcc/avr/4.9.2/../../../avr/lib/avr51/libm.a(fp_pscA.o)
                              /usr/lib/gcc/avr/4.9.2/../../../avr/lib/avr51/libm.a(addsf3x.o) (__fp_pscA)
/usr/lib/gcc/avr/4.9.2/../../../avr/lib/avr51/libm.a(fp_pscB.o)
                              /usr/lib/gcc/avr/4.9.2/../../../avr/lib/avr51/libm.a(addsf3x.o) (__fp_pscB)
/usr/lib/gcc/avr/4.9.2/../../../avr/lib/avr51/libm.a(fp_round.o)
                              /usr/lib/gcc/avr/4.9.2/../../../avr/lib/avr51/libm.a(addsf3.o) (__fp_round)
/usr/lib/gcc/avr/4.9.2/../../../avr/lib/avr51/libm.a(fp_split3.o)
                              /usr/lib/gcc/avr/4.9.2/../../../avr/lib/avr51/libm.a(addsf3x.o) (__fp_split3)
/usr/lib/gcc/avr/4.9.2/../../../avr/lib/avr51/libm.a(fp_trunc.o)
                              /usr/lib/gcc/avr/4.9.2/../../../avr/lib/avr51/libm.a(floor.o) (__fp_trunc)
/usr/lib/gcc/avr/4.9.2/../../../avr/lib/avr51/libm.a(fp_zero.o)
                              /usr/lib/gcc/avr/4.9.2/../../../avr/lib/avr51/libm.a(addsf3x.o) (__fp_zero)
/usr/lib/gcc/avr/4.9.2/../../../avr/lib/avr51/libm.a(mulsf3.o)
                              main.o (__mulsf3)
/usr/lib/gcc/avr/4.9.2/../../../avr/lib/avr51/libm.a(mulsf3x.o)
                              /usr/lib/gcc/avr/4.9.2/../../../avr/lib/avr51/libm.a(mulsf3.o) (__mulsf3x)
/usr/lib/gcc/avr/4.9.2/../../../avr/lib/avr51/libm.a(round.o)
                              main.o (round)
/usr/lib/gcc/avr/4.9.2/avr51/libgcc.a(_exit.o)
                              /usr/lib/gcc/avr/4.9.2/../../../avr/lib/avr51/crtatmega128.o (exit)
/usr/lib/gcc/avr/4.9.2/avr51/libgcc.a(_copy_data.o)
                              main.o (__do_copy_data)
/usr/lib/gcc/avr/4.9.2/avr51/libgcc.a(_clear_bss.o)
                              main.o (__do_clear_bss)
/usr/lib/gcc/avr/4.9.2/../../../avr/lib/avr51/libc.a(ftoa_engine.o)
                              /usr/lib/gcc/avr/4.9.2/../../../avr/lib/avr51/libprintf_flt.a(vfprintf_flt.o) (__ftoa_engine)
/usr/lib/gcc/avr/4.9.2/../../../avr/lib/avr51/libc.a(strcpy_P.o)
                              main.o (strcpy_P)
/usr/lib/gcc/avr/4.9.2/../../../avr/lib/avr51/libc.a(strnlen_P.o)
                              /usr/lib/gcc/avr/4.9.2/../../../avr/lib/avr51/libprintf_flt.a(vfprintf_flt.o) (strnlen_P)
/usr/lib/gcc/avr/4.9.2/../../../avr/lib/avr51/libc.a(strcpy.o)
                              main.o (strcpy)
/usr/lib/gcc/avr/4.9.2/../../../avr/lib/avr51/libc.a(strnlen.o)
                              /usr/lib/gcc/avr/4.9.2/../../../avr/lib/avr51/libprintf_flt.a(vfprintf_flt.o) (strnlen)
/usr/lib/gcc/avr/4.9.2/../../../avr/lib/avr51/libc.a(fputc.o)
                              /usr/lib/gcc/avr/4.9.2/../../../avr/lib/avr51/libprintf_flt.a(vfprintf_flt.o) (fputc)
/usr/lib/gcc/avr/4.9.2/../../../avr/lib/avr51/libc.a(sprintf.o)
                              main.o (sprintf)
/usr/lib/gcc/avr/4.9.2/../../../avr/lib/avr51/libc.a(ultoa_invert.o)
                              /usr/lib/gcc/avr/4.9.2/../../../avr/lib/avr51/libprintf_flt.a(vfprintf_flt.o) (__ultoa_invert)

Allocating common symbols
Common symbol       size              file

band                0x1               main.o
bandf               0x2               main.o
mode_flag           0x1               main.o
rx_att              0x1               main.o
band_flag           0x1               main.o
freq                0x4               main.o
rot_flag            0x1               main.o
vol_flag            0x1               main.o
mode                0x1               main.o
tx                  0x2               main.o
tx_att              0x1               main.o
step_timer          0x2               main.o
timer_flag          0x1               main.o
rffe_rx_att         0x1               main.o

Memory Configuration

Name             Origin             Length             Attributes
text             0x0000000000000000 0x0000000000020000 xr
data             0x0000000000800100 0x000000000000ff00 rw !x
eeprom           0x0000000000810000 0x0000000000010000 rw !x
fuse             0x0000000000820000 0x0000000000000400 rw !x
lock             0x0000000000830000 0x0000000000000400 rw !x
signature        0x0000000000840000 0x0000000000000400 rw !x
user_signatures  0x0000000000850000 0x0000000000000400 rw !x
*default*        0x0000000000000000 0xffffffffffffffff

Linker script and memory map

Address of section .data set to 0x800100
LOAD /usr/lib/gcc/avr/4.9.2/../../../avr/lib/avr51/crtatmega128.o
LOAD main.o
LOAD hd44780.o
LOAD /usr/lib/gcc/avr/4.9.2/../../../avr/lib/avr51/libprintf_flt.a
LOAD /usr/lib/gcc/avr/4.9.2/../../../avr/lib/avr51/libm.a
START GROUP
LOAD /usr/lib/gcc/avr/4.9.2/avr51/libgcc.a
LOAD /usr/lib/gcc/avr/4.9.2/../../../avr/lib/avr51/libm.a
LOAD /usr/lib/gcc/avr/4.9.2/../../../avr/lib/avr51/libc.a
LOAD /usr/lib/gcc/avr/4.9.2/../../../avr/lib/avr51/libatmega128.a
END GROUP

.hash
 *(.hash)

.dynsym
 *(.dynsym)

.dynstr
 *(.dynstr)

.gnu.version
 *(.gnu.version)

.gnu.version_d
 *(.gnu.version_d)

.gnu.version_r
 *(.gnu.version_r)

.rel.init
 *(.rel.init)

.rela.init
 *(.rela.init)

.rel.text
 *(.rel.text)
 *(.rel.text.*)
 *(.rel.gnu.linkonce.t*)

.rela.text
 *(.rela.text)
 *(.rela.text.*)
 *(.rela.gnu.linkonce.t*)

.rel.fini
 *(.rel.fini)

.rela.fini
 *(.rela.fini)

.rel.rodata
 *(.rel.rodata)
 *(.rel.rodata.*)
 *(.rel.gnu.linkonce.r*)

.rela.rodata
 *(.rela.rodata)
 *(.rela.rodata.*)
 *(.rela.gnu.linkonce.r*)

.rel.data
 *(.rel.data)
 *(.rel.data.*)
 *(.rel.gnu.linkonce.d*)

.rela.data
 *(.rela.data)
 *(.rela.data.*)
 *(.rela.gnu.linkonce.d*)

.rel.ctors
 *(.rel.ctors)

.rela.ctors
 *(.rela.ctors)

.rel.dtors
 *(.rel.dtors)

.rela.dtors
 *(.rela.dtors)

.rel.got
 *(.rel.got)

.rela.got
 *(.rela.got)

.rel.bss
 *(.rel.bss)

.rela.bss
 *(.rela.bss)

.rel.plt
 *(.rel.plt)

.rela.plt
 *(.rela.plt)

.text           0x0000000000000000     0x2c38
 *(.vectors)
 .vectors       0x0000000000000000       0x8c /usr/lib/gcc/avr/4.9.2/../../../avr/lib/avr51/crtatmega128.o
                0x0000000000000000                __vectors
                0x0000000000000000                __vector_default
 *(.vectors)
 *(.progmem.gcc*)
                0x000000000000008c                . = ALIGN (0x2)
                0x000000000000008c                __trampolines_start = .
 *(.trampolines)
 .trampolines   0x000000000000008c        0x0 linker stubs
 *(.trampolines*)
                0x000000000000008c                __trampolines_end = .
 *(.progmem*)
 .progmem.data  0x000000000000008c       0x1a main.o
 .progmem.data  0x00000000000000a6        0x8 /usr/lib/gcc/avr/4.9.2/../../../avr/lib/avr51/libprintf_flt.a(vfprintf_flt.o)
 .progmem.data  0x00000000000000ae       0xfa /usr/lib/gcc/avr/4.9.2/../../../avr/lib/avr51/libc.a(ftoa_engine.o)
                0x00000000000001a8                . = ALIGN (0x2)
 *(.jumptables)
 *(.jumptables*)
 *(.lowtext)
 *(.lowtext*)
                0x00000000000001a8                __ctors_start = .
 *(.ctors)
                0x00000000000001a8                __ctors_end = .
                0x00000000000001a8                __dtors_start = .
 *(.dtors)
                0x00000000000001a8                __dtors_end = .
 SORT(*)(.ctors)
 SORT(*)(.dtors)
 *(.init0)
 .init0         0x00000000000001a8        0x0 /usr/lib/gcc/avr/4.9.2/../../../avr/lib/avr51/crtatmega128.o
                0x00000000000001a8                __init
 *(.init0)
 *(.init1)
 *(.init1)
 *(.init2)
 .init2         0x00000000000001a8        0xc /usr/lib/gcc/avr/4.9.2/../../../avr/lib/avr51/crtatmega128.o
 *(.init2)
 *(.init3)
 *(.init3)
 *(.init4)
 .init4         0x00000000000001b4       0x1a /usr/lib/gcc/avr/4.9.2/avr51/libgcc.a(_copy_data.o)
                0x00000000000001b4                __do_copy_data
 .init4         0x00000000000001ce       0x10 /usr/lib/gcc/avr/4.9.2/avr51/libgcc.a(_clear_bss.o)
                0x00000000000001ce                __do_clear_bss
 *(.init4)
 *(.init5)
 *(.init5)
 *(.init6)
 *(.init6)
 *(.init7)
 *(.init7)
 *(.init8)
 *(.init8)
 *(.init9)
 .init9         0x00000000000001de        0x8 /usr/lib/gcc/avr/4.9.2/../../../avr/lib/avr51/crtatmega128.o
 *(.init9)
 *(.text)
 .text          0x00000000000001e6        0x4 /usr/lib/gcc/avr/4.9.2/../../../avr/lib/avr51/crtatmega128.o
                0x00000000000001e6                __vector_22
                0x00000000000001e6                __vector_28
                0x00000000000001e6                __vector_1
                0x00000000000001e6                __vector_32
                0x00000000000001e6                __vector_34
                0x00000000000001e6                __vector_24
                0x00000000000001e6                __bad_interrupt
                0x00000000000001e6                __vector_31
                0x00000000000001e6                __vector_23
                0x00000000000001e6                __vector_30
                0x00000000000001e6                __vector_25
                0x00000000000001e6                __vector_11
                0x00000000000001e6                __vector_13
                0x00000000000001e6                __vector_17
                0x00000000000001e6                __vector_19
                0x00000000000001e6                __vector_27
                0x00000000000001e6                __vector_33
                0x00000000000001e6                __vector_9
                0x00000000000001e6                __vector_2
                0x00000000000001e6                __vector_21
                0x00000000000001e6                __vector_29
                0x00000000000001e6                __vector_26
                0x00000000000001e6                __vector_14
                0x00000000000001e6                __vector_10
                0x00000000000001e6                __vector_16
                0x00000000000001e6                __vector_18
                0x00000000000001e6                __vector_20
 .text          0x00000000000001ea      0xae6 main.o
                0x00000000000001ea                __vector_15
                0x000000000000022a                __vector_12
                0x0000000000000248                __vector_3
                0x000000000000028e                __vector_4
                0x00000000000002d4                __vector_5
                0x0000000000000326                __vector_6
                0x0000000000000378                __vector_7
                0x00000000000003ca                __vector_8
                0x000000000000041c                TWIinit
                0x000000000000042a                TWIStart
                0x000000000000043a                TWIStop
                0x0000000000000442                TWIWrite
                0x0000000000000456                TWIReadACK
                0x000000000000046a                TWIReadNACK
                0x000000000000047e                TWIGetStatus
                0x0000000000000486                TWI_write_byte
                0x00000000000004f6                TWI_read_byte
                0x000000000000055a                TWI_write_word
                0x00000000000005ea                TWI_write_3bytes
                0x0000000000000690                TWI_write_4bytes
                0x000000000000074a                TWI_write_5bytes
                0x0000000000000818                lcd_freq
                0x000000000000096e                updateVolumeSquelch
                0x0000000000000988                readClar
                0x000000000000098e                updateRFFE
                0x00000000000009f0                updateFreq
                0x0000000000000bd4                updateSettings
                0x0000000000000c9e                adcInit
                0x0000000000000caa                Timer0Init
                0x0000000000000cba                Timer1Init
 .text          0x0000000000000cd0      0x2e6 hd44780.o
                0x0000000000000ea2                lcd_getc
                0x0000000000000ea8                lcd_command
                0x0000000000000eae                lcd_goto
                0x0000000000000eb4                lcd_clrscr
                0x0000000000000eba                lcd_home
                0x0000000000000ec0                lcd_putc
                0x0000000000000ec6                lcd_puts
                0x0000000000000ede                lcd_puts_P
                0x0000000000000efc                lcd_init
 .text          0x0000000000000fb6        0x0 /usr/lib/gcc/avr/4.9.2/../../../avr/lib/avr51/libprintf_flt.a(vfprintf_flt.o)
 .text          0x0000000000000fb6        0x0 /usr/lib/gcc/avr/4.9.2/../../../avr/lib/avr51/libm.a(addsf3.o)
 .text          0x0000000000000fb6        0x0 /usr/lib/gcc/avr/4.9.2/../../../avr/lib/avr51/libm.a(addsf3x.o)
 .text          0x0000000000000fb6        0x0 /usr/lib/gcc/avr/4.9.2/../../../avr/lib/avr51/libm.a(cmpsf2.o)
 .text          0x0000000000000fb6        0x0 /usr/lib/gcc/avr/4.9.2/../../../avr/lib/avr51/libm.a(divsf3.o)
 .text          0x0000000000000fb6        0x0 /usr/lib/gcc/avr/4.9.2/../../../avr/lib/avr51/libm.a(divsf3x.o)
 .text          0x0000000000000fb6        0x0 /usr/lib/gcc/avr/4.9.2/../../../avr/lib/avr51/libm.a(fixsfsi.o)
 .text          0x0000000000000fb6        0x0 /usr/lib/gcc/avr/4.9.2/../../../avr/lib/avr51/libm.a(fixunssfsi.o)
 .text          0x0000000000000fb6        0x0 /usr/lib/gcc/avr/4.9.2/../../../avr/lib/avr51/libm.a(floatsisf.o)
 .text          0x0000000000000fb6        0x0 /usr/lib/gcc/avr/4.9.2/../../../avr/lib/avr51/libm.a(floor.o)
 .text          0x0000000000000fb6        0x0 /usr/lib/gcc/avr/4.9.2/../../../avr/lib/avr51/libm.a(fmod.o)
 .text          0x0000000000000fb6        0x0 /usr/lib/gcc/avr/4.9.2/../../../avr/lib/avr51/libm.a(fp_cmp.o)
 .text          0x0000000000000fb6        0x0 /usr/lib/gcc/avr/4.9.2/../../../avr/lib/avr51/libm.a(fp_inf.o)
 .text          0x0000000000000fb6        0x0 /usr/lib/gcc/avr/4.9.2/../../../avr/lib/avr51/libm.a(fp_mintl.o)
 .text          0x0000000000000fb6        0x0 /usr/lib/gcc/avr/4.9.2/../../../avr/lib/avr51/libm.a(fp_mpack.o)
 .text          0x0000000000000fb6        0x0 /usr/lib/gcc/avr/4.9.2/../../../avr/lib/avr51/libm.a(fp_nan.o)
 .text          0x0000000000000fb6        0x0 /usr/lib/gcc/avr/4.9.2/../../../avr/lib/avr51/libm.a(fp_pscA.o)
 .text          0x0000000000000fb6        0x0 /usr/lib/gcc/avr/4.9.2/../../../avr/lib/avr51/libm.a(fp_pscB.o)
 .text          0x0000000000000fb6        0x0 /usr/lib/gcc/avr/4.9.2/../../../avr/lib/avr51/libm.a(fp_round.o)
 .text          0x0000000000000fb6        0x0 /usr/lib/gcc/avr/4.9.2/../../../avr/lib/avr51/libm.a(fp_split3.o)
 .text          0x0000000000000fb6        0x0 /usr/lib/gcc/avr/4.9.2/../../../avr/lib/avr51/libm.a(fp_trunc.o)
 .text          0x0000000000000fb6        0x0 /usr/lib/gcc/avr/4.9.2/../../../avr/lib/avr51/libm.a(fp_zero.o)
 .text          0x0000000000000fb6        0x0 /usr/lib/gcc/avr/4.9.2/../../../avr/lib/avr51/libm.a(mulsf3.o)
 .text          0x0000000000000fb6        0x0 /usr/lib/gcc/avr/4.9.2/../../../avr/lib/avr51/libm.a(mulsf3x.o)
 .text          0x0000000000000fb6        0x0 /usr/lib/gcc/avr/4.9.2/../../../avr/lib/avr51/libm.a(round.o)
 .text          0x0000000000000fb6        0x0 /usr/lib/gcc/avr/4.9.2/avr51/libgcc.a(_exit.o)
 .text          0x0000000000000fb6        0x0 /usr/lib/gcc/avr/4.9.2/avr51/libgcc.a(_copy_data.o)
 .text          0x0000000000000fb6        0x0 /usr/lib/gcc/avr/4.9.2/avr51/libgcc.a(_clear_bss.o)
 .text          0x0000000000000fb6        0x0 /usr/lib/gcc/avr/4.9.2/../../../avr/lib/avr51/libc.a(ftoa_engine.o)
 .text          0x0000000000000fb6        0x0 /usr/lib/gcc/avr/4.9.2/../../../avr/lib/avr51/libc.a(strcpy_P.o)
 .text          0x0000000000000fb6        0x0 /usr/lib/gcc/avr/4.9.2/../../../avr/lib/avr51/libc.a(strnlen_P.o)
 .text          0x0000000000000fb6        0x0 /usr/lib/gcc/avr/4.9.2/../../../avr/lib/avr51/libc.a(strcpy.o)
 .text          0x0000000000000fb6        0x0 /usr/lib/gcc/avr/4.9.2/../../../avr/lib/avr51/libc.a(strnlen.o)
 .text          0x0000000000000fb6        0x0 /usr/lib/gcc/avr/4.9.2/../../../avr/lib/avr51/libc.a(fputc.o)
 .text          0x0000000000000fb6        0x0 /usr/lib/gcc/avr/4.9.2/../../../avr/lib/avr51/libc.a(sprintf.o)
 .text          0x0000000000000fb6        0x0 /usr/lib/gcc/avr/4.9.2/../../../avr/lib/avr51/libc.a(ultoa_invert.o)
                0x0000000000000fb6                . = ALIGN (0x2)
 *(.text.*)
 .text.startup  0x0000000000000fb6      0xb9e main.o
                0x0000000000000fb6                main
 .text.avr-libc
                0x0000000000001b54      0x74a /usr/lib/gcc/avr/4.9.2/../../../avr/lib/avr51/libprintf_flt.a(vfprintf_flt.o)
                0x0000000000001b54                vfprintf
 .text.avr-libc.fplib
                0x000000000000229e        0xe /usr/lib/gcc/avr/4.9.2/../../../avr/lib/avr51/libm.a(addsf3.o)
                0x000000000000229e                __subsf3
                0x00000000000022a0                __addsf3
 .text.avr-libc.fplib
                0x00000000000022ac       0xcc /usr/lib/gcc/avr/4.9.2/../../../avr/lib/avr51/libm.a(addsf3x.o)
                0x00000000000022ce                __addsf3x
 .text.avr-libc.fplib
                0x0000000000002378        0xa /usr/lib/gcc/avr/4.9.2/../../../avr/lib/avr51/libm.a(cmpsf2.o)
                0x0000000000002378                __lesf2
                0x0000000000002378                __nesf2
                0x0000000000002378                __eqsf2
                0x0000000000002378                __cmpsf2
                0x0000000000002378                __ltsf2
 .text.avr-libc.fplib
                0x0000000000002382        0x8 /usr/lib/gcc/avr/4.9.2/../../../avr/lib/avr51/libm.a(divsf3.o)
                0x0000000000002382                __divsf3
 .text.avr-libc.fplib
                0x000000000000238a       0xdc /usr/lib/gcc/avr/4.9.2/../../../avr/lib/avr51/libm.a(divsf3x.o)
                0x00000000000023aa                __divsf3x
                0x00000000000023b0                __divsf3_pse
 .text.avr-libc.fplib
                0x0000000000002466        0xe /usr/lib/gcc/avr/4.9.2/../../../avr/lib/avr51/libm.a(fixsfsi.o)
                0x0000000000002466                __fixsfsi
 .text.avr-libc.fplib
                0x0000000000002474       0x5e /usr/lib/gcc/avr/4.9.2/../../../avr/lib/avr51/libm.a(fixunssfsi.o)
                0x0000000000002474                __fixunssfsi
 .text.avr-libc.fplib
                0x00000000000024d2       0x7a /usr/lib/gcc/avr/4.9.2/../../../avr/lib/avr51/libm.a(floatsisf.o)
                0x00000000000024d2                __floatunsisf
                0x00000000000024d6                __floatsisf
 .text.avr-libc.fplib
                0x000000000000254c       0x2e /usr/lib/gcc/avr/4.9.2/../../../avr/lib/avr51/libm.a(floor.o)
                0x000000000000254c                floor
 .text.avr-libc.fplib
                0x000000000000257a       0xa8 /usr/lib/gcc/avr/4.9.2/../../../avr/lib/avr51/libm.a(fmod.o)
                0x0000000000002590                fmod
 .text.avr-libc.fplib
                0x0000000000002622       0x48 /usr/lib/gcc/avr/4.9.2/../../../avr/lib/avr51/libm.a(fp_cmp.o)
                0x0000000000002622                __fp_cmp
 .text.avr-libc.fplib
                0x000000000000266a        0xc /usr/lib/gcc/avr/4.9.2/../../../avr/lib/avr51/libm.a(fp_inf.o)
                0x000000000000266a                __fp_inf
 .text.avr-libc.fplib
                0x0000000000002676       0x36 /usr/lib/gcc/avr/4.9.2/../../../avr/lib/avr51/libm.a(fp_mintl.o)
                0x0000000000002676                __fp_mintl
 .text.avr-libc.fplib
                0x00000000000026ac       0x1c /usr/lib/gcc/avr/4.9.2/../../../avr/lib/avr51/libm.a(fp_mpack.o)
                0x00000000000026ac                __fp_mpack
                0x00000000000026b0                __fp_mpack_finite
 .text.avr-libc.fplib
                0x00000000000026c8        0x6 /usr/lib/gcc/avr/4.9.2/../../../avr/lib/avr51/libm.a(fp_nan.o)
                0x00000000000026c8                __fp_nan
 .text.avr-libc.fplib
                0x00000000000026ce        0xe /usr/lib/gcc/avr/4.9.2/../../../avr/lib/avr51/libm.a(fp_pscA.o)
                0x00000000000026ce                __fp_pscA
 .text.avr-libc.fplib
                0x00000000000026dc        0xe /usr/lib/gcc/avr/4.9.2/../../../avr/lib/avr51/libm.a(fp_pscB.o)
                0x00000000000026dc                __fp_pscB
 .text.avr-libc.fplib
                0x00000000000026ea       0x22 /usr/lib/gcc/avr/4.9.2/../../../avr/lib/avr51/libm.a(fp_round.o)
                0x00000000000026ea                __fp_round
 .text.avr-libc.fplib
                0x000000000000270c       0x44 /usr/lib/gcc/avr/4.9.2/../../../avr/lib/avr51/libm.a(fp_split3.o)
                0x000000000000270c                __fp_split3
                0x000000000000271c                __fp_splitA
 .text.avr-libc.fplib
                0x0000000000002750       0x30 /usr/lib/gcc/avr/4.9.2/../../../avr/lib/avr51/libm.a(fp_trunc.o)
                0x0000000000002750                __fp_trunc
 .text.avr-libc.fplib
                0x0000000000002780        0xe /usr/lib/gcc/avr/4.9.2/../../../avr/lib/avr51/libm.a(fp_zero.o)
                0x0000000000002780                __fp_zero
                0x0000000000002782                __fp_szero
 .text.avr-libc.fplib
                0x000000000000278e        0x8 /usr/lib/gcc/avr/4.9.2/../../../avr/lib/avr51/libm.a(mulsf3.o)
                0x000000000000278e                __mulsf3
 .text.avr-libc.fplib
                0x0000000000002796       0xd2 /usr/lib/gcc/avr/4.9.2/../../../avr/lib/avr51/libm.a(mulsf3x.o)
                0x00000000000027b4                __mulsf3x
                0x00000000000027ba                __mulsf3_pse
 .text.avr-libc.fplib
                0x0000000000002868       0x48 /usr/lib/gcc/avr/4.9.2/../../../avr/lib/avr51/libm.a(round.o)
                0x0000000000002868                round
 .text.libgcc.mul
                0x00000000000028b0        0x0 /usr/lib/gcc/avr/4.9.2/avr51/libgcc.a(_exit.o)
 .text.libgcc.div
                0x00000000000028b0        0x0 /usr/lib/gcc/avr/4.9.2/avr51/libgcc.a(_exit.o)
 .text.libgcc   0x00000000000028b0        0x0 /usr/lib/gcc/avr/4.9.2/avr51/libgcc.a(_exit.o)
 .text.libgcc.prologue
                0x00000000000028b0        0x0 /usr/lib/gcc/avr/4.9.2/avr51/libgcc.a(_exit.o)
 .text.libgcc.builtins
                0x00000000000028b0        0x0 /usr/lib/gcc/avr/4.9.2/avr51/libgcc.a(_exit.o)
 .text.libgcc.fmul
                0x00000000000028b0        0x0 /usr/lib/gcc/avr/4.9.2/avr51/libgcc.a(_exit.o)
 .text.libgcc.fixed
                0x00000000000028b0        0x0 /usr/lib/gcc/avr/4.9.2/avr51/libgcc.a(_exit.o)
 .text.libgcc.mul
                0x00000000000028b0        0x0 /usr/lib/gcc/avr/4.9.2/avr51/libgcc.a(_copy_data.o)
 .text.libgcc.div
                0x00000000000028b0        0x0 /usr/lib/gcc/avr/4.9.2/avr51/libgcc.a(_copy_data.o)
 .text.libgcc   0x00000000000028b0        0x0 /usr/lib/gcc/avr/4.9.2/avr51/libgcc.a(_copy_data.o)
 .text.libgcc.prologue
                0x00000000000028b0        0x0 /usr/lib/gcc/avr/4.9.2/avr51/libgcc.a(_copy_data.o)
 .text.libgcc.builtins
                0x00000000000028b0        0x0 /usr/lib/gcc/avr/4.9.2/avr51/libgcc.a(_copy_data.o)
 .text.libgcc.fmul
                0x00000000000028b0        0x0 /usr/lib/gcc/avr/4.9.2/avr51/libgcc.a(_copy_data.o)
 .text.libgcc.fixed
                0x00000000000028b0        0x0 /usr/lib/gcc/avr/4.9.2/avr51/libgcc.a(_copy_data.o)
 .text.libgcc.mul
                0x00000000000028b0        0x0 /usr/lib/gcc/avr/4.9.2/avr51/libgcc.a(_clear_bss.o)
 .text.libgcc.div
                0x00000000000028b0        0x0 /usr/lib/gcc/avr/4.9.2/avr51/libgcc.a(_clear_bss.o)
 .text.libgcc   0x00000000000028b0        0x0 /usr/lib/gcc/avr/4.9.2/avr51/libgcc.a(_clear_bss.o)
 .text.libgcc.prologue
                0x00000000000028b0        0x0 /usr/lib/gcc/avr/4.9.2/avr51/libgcc.a(_clear_bss.o)
 .text.libgcc.builtins
                0x00000000000028b0        0x0 /usr/lib/gcc/avr/4.9.2/avr51/libgcc.a(_clear_bss.o)
 .text.libgcc.fmul
                0x00000000000028b0        0x0 /usr/lib/gcc/avr/4.9.2/avr51/libgcc.a(_clear_bss.o)
 .text.libgcc.fixed
                0x00000000000028b0        0x0 /usr/lib/gcc/avr/4.9.2/avr51/libgcc.a(_clear_bss.o)
 .text.avr-libc
                0x00000000000028b0      0x1b0 /usr/lib/gcc/avr/4.9.2/../../../avr/lib/avr51/libc.a(ftoa_engine.o)
                0x00000000000028b0                __ftoa_engine
 .text.avr-libc
                0x0000000000002a60        0xe /usr/lib/gcc/avr/4.9.2/../../../avr/lib/avr51/libc.a(strcpy_P.o)
                0x0000000000002a60                strcpy_P
 .text.avr-libc
                0x0000000000002a6e       0x16 /usr/lib/gcc/avr/4.9.2/../../../avr/lib/avr51/libc.a(strnlen_P.o)
                0x0000000000002a6e                strnlen_P
 .text.avr-libc
                0x0000000000002a84        0xe /usr/lib/gcc/avr/4.9.2/../../../avr/lib/avr51/libc.a(strcpy.o)
                0x0000000000002a84                strcpy
 .text.avr-libc
                0x0000000000002a92       0x16 /usr/lib/gcc/avr/4.9.2/../../../avr/lib/avr51/libc.a(strnlen.o)
                0x0000000000002a92                strnlen
 .text.avr-libc
                0x0000000000002aa8       0x70 /usr/lib/gcc/avr/4.9.2/../../../avr/lib/avr51/libc.a(fputc.o)
                0x0000000000002aa8                fputc
 .text.avr-libc
                0x0000000000002b18       0x60 /usr/lib/gcc/avr/4.9.2/../../../avr/lib/avr51/libc.a(sprintf.o)
                0x0000000000002b18                sprintf
 .text.avr-libc
                0x0000000000002b78       0xbc /usr/lib/gcc/avr/4.9.2/../../../avr/lib/avr51/libc.a(ultoa_invert.o)
                0x0000000000002b78                __ultoa_invert
                0x0000000000002c34                . = ALIGN (0x2)
 *(.fini9)
 .fini9         0x0000000000002c34        0x0 /usr/lib/gcc/avr/4.9.2/avr51/libgcc.a(_exit.o)
                0x0000000000002c34                exit
                0x0000000000002c34                _exit
 *(.fini9)
 *(.fini8)
 *(.fini8)
 *(.fini7)
 *(.fini7)
 *(.fini6)
 *(.fini6)
 *(.fini5)
 *(.fini5)
 *(.fini4)
 *(.fini4)
 *(.fini3)
 *(.fini3)
 *(.fini2)
 *(.fini2)
 *(.fini1)
 *(.fini1)
 *(.fini0)
 .fini0         0x0000000000002c34        0x4 /usr/lib/gcc/avr/4.9.2/avr51/libgcc.a(_exit.o)
 *(.fini0)
                0x0000000000002c38                _etext = .

.data           0x0000000000800100      0x10c load address 0x0000000000002c38
                0x0000000000800100                PROVIDE (__data_start, .)
 *(.data)
 .data          0x0000000000800100        0x0 /usr/lib/gcc/avr/4.9.2/../../../avr/lib/avr51/crtatmega128.o
 .data          0x0000000000800100        0x2 main.o
                0x0000000000800100                vol_timer
                0x0000000000800101                band_timer
 .data          0x0000000000800102        0x0 hd44780.o
 .data          0x0000000000800102        0x0 /usr/lib/gcc/avr/4.9.2/../../../avr/lib/avr51/libprintf_flt.a(vfprintf_flt.o)
 .data          0x0000000000800102        0x0 /usr/lib/gcc/avr/4.9.2/../../../avr/lib/avr51/libm.a(addsf3.o)
 .data          0x0000000000800102        0x0 /usr/lib/gcc/avr/4.9.2/../../../avr/lib/avr51/libm.a(addsf3x.o)
 .data          0x0000000000800102        0x0 /usr/lib/gcc/avr/4.9.2/../../../avr/lib/avr51/libm.a(cmpsf2.o)
 .data          0x0000000000800102        0x0 /usr/lib/gcc/avr/4.9.2/../../../avr/lib/avr51/libm.a(divsf3.o)
 .data          0x0000000000800102        0x0 /usr/lib/gcc/avr/4.9.2/../../../avr/lib/avr51/libm.a(divsf3x.o)
 .data          0x0000000000800102        0x0 /usr/lib/gcc/avr/4.9.2/../../../avr/lib/avr51/libm.a(fixsfsi.o)
 .data          0x0000000000800102        0x0 /usr/lib/gcc/avr/4.9.2/../../../avr/lib/avr51/libm.a(fixunssfsi.o)
 .data          0x0000000000800102        0x0 /usr/lib/gcc/avr/4.9.2/../../../avr/lib/avr51/libm.a(floatsisf.o)
 .data          0x0000000000800102        0x0 /usr/lib/gcc/avr/4.9.2/../../../avr/lib/avr51/libm.a(floor.o)
 .data          0x0000000000800102        0x0 /usr/lib/gcc/avr/4.9.2/../../../avr/lib/avr51/libm.a(fmod.o)
 .data          0x0000000000800102        0x0 /usr/lib/gcc/avr/4.9.2/../../../avr/lib/avr51/libm.a(fp_cmp.o)
 .data          0x0000000000800102        0x0 /usr/lib/gcc/avr/4.9.2/../../../avr/lib/avr51/libm.a(fp_inf.o)
 .data          0x0000000000800102        0x0 /usr/lib/gcc/avr/4.9.2/../../../avr/lib/avr51/libm.a(fp_mintl.o)
 .data          0x0000000000800102        0x0 /usr/lib/gcc/avr/4.9.2/../../../avr/lib/avr51/libm.a(fp_mpack.o)
 .data          0x0000000000800102        0x0 /usr/lib/gcc/avr/4.9.2/../../../avr/lib/avr51/libm.a(fp_nan.o)
 .data          0x0000000000800102        0x0 /usr/lib/gcc/avr/4.9.2/../../../avr/lib/avr51/libm.a(fp_pscA.o)
 .data          0x0000000000800102        0x0 /usr/lib/gcc/avr/4.9.2/../../../avr/lib/avr51/libm.a(fp_pscB.o)
 .data          0x0000000000800102        0x0 /usr/lib/gcc/avr/4.9.2/../../../avr/lib/avr51/libm.a(fp_round.o)
 .data          0x0000000000800102        0x0 /usr/lib/gcc/avr/4.9.2/../../../avr/lib/avr51/libm.a(fp_split3.o)
 .data          0x0000000000800102        0x0 /usr/lib/gcc/avr/4.9.2/../../../avr/lib/avr51/libm.a(fp_trunc.o)
 .data          0x0000000000800102        0x0 /usr/lib/gcc/avr/4.9.2/../../../avr/lib/avr51/libm.a(fp_zero.o)
 .data          0x0000000000800102        0x0 /usr/lib/gcc/avr/4.9.2/../../../avr/lib/avr51/libm.a(mulsf3.o)
 .data          0x0000000000800102        0x0 /usr/lib/gcc/avr/4.9.2/../../../avr/lib/avr51/libm.a(mulsf3x.o)
 .data          0x0000000000800102        0x0 /usr/lib/gcc/avr/4.9.2/../../../avr/lib/avr51/libm.a(round.o)
 .data          0x0000000000800102        0x0 /usr/lib/gcc/avr/4.9.2/avr51/libgcc.a(_exit.o)
 .data          0x0000000000800102        0x0 /usr/lib/gcc/avr/4.9.2/avr51/libgcc.a(_copy_data.o)
 .data          0x0000000000800102        0x0 /usr/lib/gcc/avr/4.9.2/avr51/libgcc.a(_clear_bss.o)
 .data          0x0000000000800102        0x0 /usr/lib/gcc/avr/4.9.2/../../../avr/lib/avr51/libc.a(ftoa_engine.o)
 .data          0x0000000000800102        0x0 /usr/lib/gcc/avr/4.9.2/../../../avr/lib/avr51/libc.a(strcpy_P.o)
 .data          0x0000000000800102        0x0 /usr/lib/gcc/avr/4.9.2/../../../avr/lib/avr51/libc.a(strnlen_P.o)
 .data          0x0000000000800102        0x0 /usr/lib/gcc/avr/4.9.2/../../../avr/lib/avr51/libc.a(strcpy.o)
 .data          0x0000000000800102        0x0 /usr/lib/gcc/avr/4.9.2/../../../avr/lib/avr51/libc.a(strnlen.o)
 .data          0x0000000000800102        0x0 /usr/lib/gcc/avr/4.9.2/../../../avr/lib/avr51/libc.a(fputc.o)
 .data          0x0000000000800102        0x0 /usr/lib/gcc/avr/4.9.2/../../../avr/lib/avr51/libc.a(sprintf.o)
 .data          0x0000000000800102        0x0 /usr/lib/gcc/avr/4.9.2/../../../avr/lib/avr51/libc.a(ultoa_invert.o)
 *(.data*)
 *(.rodata)
 *(.rodata*)
 .rodata.str1.1
                0x0000000000800102      0x10a main.o
                                        0x10c (size before relaxing)
 *(.gnu.linkonce.d*)
                0x000000000080020c                . = ALIGN (0x2)
                0x000000000080020c                _edata = .
                0x000000000080020c                PROVIDE (__data_end, .)

.bss            0x000000000080020c       0x2a
                0x000000000080020c                PROVIDE (__bss_start, .)
 *(.bss)
 .bss           0x000000000080020c        0x0 /usr/lib/gcc/avr/4.9.2/../../../avr/lib/avr51/crtatmega128.o
 .bss           0x000000000080020c       0x15 main.o
                0x000000000080020c                freq_offset
                0x000000000080020e                clar
                0x000000000080020f                pll_n
 .bss           0x0000000000800221        0x1 hd44780.o
 .bss           0x0000000000800222        0x0 /usr/lib/gcc/avr/4.9.2/../../../avr/lib/avr51/libprintf_flt.a(vfprintf_flt.o)
 .bss           0x0000000000800222        0x0 /usr/lib/gcc/avr/4.9.2/../../../avr/lib/avr51/libm.a(addsf3.o)
 .bss           0x0000000000800222        0x0 /usr/lib/gcc/avr/4.9.2/../../../avr/lib/avr51/libm.a(addsf3x.o)
 .bss           0x0000000000800222        0x0 /usr/lib/gcc/avr/4.9.2/../../../avr/lib/avr51/libm.a(cmpsf2.o)
 .bss           0x0000000000800222        0x0 /usr/lib/gcc/avr/4.9.2/../../../avr/lib/avr51/libm.a(divsf3.o)
 .bss           0x0000000000800222        0x0 /usr/lib/gcc/avr/4.9.2/../../../avr/lib/avr51/libm.a(divsf3x.o)
 .bss           0x0000000000800222        0x0 /usr/lib/gcc/avr/4.9.2/../../../avr/lib/avr51/libm.a(fixsfsi.o)
 .bss           0x0000000000800222        0x0 /usr/lib/gcc/avr/4.9.2/../../../avr/lib/avr51/libm.a(fixunssfsi.o)
 .bss           0x0000000000800222        0x0 /usr/lib/gcc/avr/4.9.2/../../../avr/lib/avr51/libm.a(floatsisf.o)
 .bss           0x0000000000800222        0x0 /usr/lib/gcc/avr/4.9.2/../../../avr/lib/avr51/libm.a(floor.o)
 .bss           0x0000000000800222        0x0 /usr/lib/gcc/avr/4.9.2/../../../avr/lib/avr51/libm.a(fmod.o)
 .bss           0x0000000000800222        0x0 /usr/lib/gcc/avr/4.9.2/../../../avr/lib/avr51/libm.a(fp_cmp.o)
 .bss           0x0000000000800222        0x0 /usr/lib/gcc/avr/4.9.2/../../../avr/lib/avr51/libm.a(fp_inf.o)
 .bss           0x0000000000800222        0x0 /usr/lib/gcc/avr/4.9.2/../../../avr/lib/avr51/libm.a(fp_mintl.o)
 .bss           0x0000000000800222        0x0 /usr/lib/gcc/avr/4.9.2/../../../avr/lib/avr51/libm.a(fp_mpack.o)
 .bss           0x0000000000800222        0x0 /usr/lib/gcc/avr/4.9.2/../../../avr/lib/avr51/libm.a(fp_nan.o)
 .bss           0x0000000000800222        0x0 /usr/lib/gcc/avr/4.9.2/../../../avr/lib/avr51/libm.a(fp_pscA.o)
 .bss           0x0000000000800222        0x0 /usr/lib/gcc/avr/4.9.2/../../../avr/lib/avr51/libm.a(fp_pscB.o)
 .bss           0x0000000000800222        0x0 /usr/lib/gcc/avr/4.9.2/../../../avr/lib/avr51/libm.a(fp_round.o)
 .bss           0x0000000000800222        0x0 /usr/lib/gcc/avr/4.9.2/../../../avr/lib/avr51/libm.a(fp_split3.o)
 .bss           0x0000000000800222        0x0 /usr/lib/gcc/avr/4.9.2/../../../avr/lib/avr51/libm.a(fp_trunc.o)
 .bss           0x0000000000800222        0x0 /usr/lib/gcc/avr/4.9.2/../../../avr/lib/avr51/libm.a(fp_zero.o)
 .bss           0x0000000000800222        0x0 /usr/lib/gcc/avr/4.9.2/../../../avr/lib/avr51/libm.a(mulsf3.o)
 .bss           0x0000000000800222        0x0 /usr/lib/gcc/avr/4.9.2/../../../avr/lib/avr51/libm.a(mulsf3x.o)
 .bss           0x0000000000800222        0x0 /usr/lib/gcc/avr/4.9.2/../../../avr/lib/avr51/libm.a(round.o)
 .bss           0x0000000000800222        0x0 /usr/lib/gcc/avr/4.9.2/avr51/libgcc.a(_exit.o)
 .bss           0x0000000000800222        0x0 /usr/lib/gcc/avr/4.9.2/avr51/libgcc.a(_copy_data.o)
 .bss           0x0000000000800222        0x0 /usr/lib/gcc/avr/4.9.2/avr51/libgcc.a(_clear_bss.o)
 .bss           0x0000000000800222        0x0 /usr/lib/gcc/avr/4.9.2/../../../avr/lib/avr51/libc.a(ftoa_engine.o)
 .bss           0x0000000000800222        0x0 /usr/lib/gcc/avr/4.9.2/../../../avr/lib/avr51/libc.a(strcpy_P.o)
 .bss           0x0000000000800222        0x0 /usr/lib/gcc/avr/4.9.2/../../../avr/lib/avr51/libc.a(strnlen_P.o)
 .bss           0x0000000000800222        0x0 /usr/lib/gcc/avr/4.9.2/../../../avr/lib/avr51/libc.a(strcpy.o)
 .bss           0x0000000000800222        0x0 /usr/lib/gcc/avr/4.9.2/../../../avr/lib/avr51/libc.a(strnlen.o)
 .bss           0x0000000000800222        0x0 /usr/lib/gcc/avr/4.9.2/../../../avr/lib/avr51/libc.a(fputc.o)
 .bss           0x0000000000800222        0x0 /usr/lib/gcc/avr/4.9.2/../../../avr/lib/avr51/libc.a(sprintf.o)
 .bss           0x0000000000800222        0x0 /usr/lib/gcc/avr/4.9.2/../../../avr/lib/avr51/libc.a(ultoa_invert.o)
 *(.bss*)
 *(COMMON)
 COMMON         0x0000000000800222       0x14 main.o
                0x0000000000800222                band
                0x0000000000800223                bandf
                0x0000000000800225                mode_flag
                0x0000000000800226                rx_att
                0x0000000000800227                band_flag
                0x0000000000800228                freq
                0x000000000080022c                rot_flag
                0x000000000080022d                vol_flag
                0x000000000080022e                mode
                0x000000000080022f                tx
                0x0000000000800231                tx_att
                0x0000000000800232                step_timer
                0x0000000000800234                timer_flag
                0x0000000000800235                rffe_rx_att
                0x0000000000800236                PROVIDE (__bss_end, .)
                0x0000000000002c38                __data_load_start = LOADADDR (.data)
                0x0000000000002d44                __data_load_end = (__data_load_start + SIZEOF (.data))

.noinit         0x0000000000800236        0x0
                0x0000000000800236                PROVIDE (__noinit_start, .)
 *(.noinit*)
                0x0000000000800236                PROVIDE (__noinit_end, .)
                0x0000000000800236                _end = .
                0x0000000000800236                PROVIDE (__heap_start, .)

.eeprom         0x0000000000810000        0x0
 *(.eeprom*)
                0x0000000000810000                __eeprom_end = .

.fuse
 *(.fuse)
 *(.lfuse)
 *(.hfuse)
 *(.efuse)

.lock
 *(.lock*)

.signature
 *(.signature*)

.user_signatures
 *(.user_signatures*)

.stab           0x0000000000000000     0x3630
 *(.stab)
 .stab          0x0000000000000000     0x2a24 main.o
 .stab          0x0000000000002a24      0xc0c hd44780.o
                                        0xde0 (size before relaxing)

.stabstr        0x0000000000000000     0x1560
 *(.stabstr)
 .stabstr       0x0000000000000000     0x1560 main.o

.stab.excl
 *(.stab.excl)

.stab.exclstr
 *(.stab.exclstr)

.stab.index
 *(.stab.index)

.stab.indexstr
 *(.stab.indexstr)

.comment        0x0000000000000000       0x11
 *(.comment)
 .comment       0x0000000000000000       0x11 main.o
                                         0x12 (size before relaxing)
 .comment       0x0000000000000011       0x12 hd44780.o
 .comment       0x0000000000000011       0x12 /usr/lib/gcc/avr/4.9.2/../../../avr/lib/avr51/libprintf_flt.a(vfprintf_flt.o)
 .comment       0x0000000000000011       0x12 /usr/lib/gcc/avr/4.9.2/../../../avr/lib/avr51/libc.a(fputc.o)
 .comment       0x0000000000000011       0x12 /usr/lib/gcc/avr/4.9.2/../../../avr/lib/avr51/libc.a(sprintf.o)

.note.gnu.avr.deviceinfo
                0x0000000000000000       0x3c
 .note.gnu.avr.deviceinfo
                0x0000000000000000       0x3c /usr/lib/gcc/avr/4.9.2/../../../avr/lib/avr51/crtatmega128.o

.note.gnu.build-id
 *(.note.gnu.build-id)

.debug
 *(.debug)

.line
 *(.line)

.debug_srcinfo
 *(.debug_srcinfo)

.debug_sfnames
 *(.debug_sfnames)

.debug_aranges
 *(.debug_aranges)

.debug_pubnames
 *(.debug_pubnames)

.debug_info
 *(.debug_info .gnu.linkonce.wi.*)

.debug_abbrev
 *(.debug_abbrev)

.debug_line
 *(.debug_line .debug_line.* .debug_line_end)

.debug_frame
 *(.debug_frame)

.debug_str
 *(.debug_str)

.debug_loc
 *(.debug_loc)

.debug_macinfo
 *(.debug_macinfo)

.debug_weaknames
 *(.debug_weaknames)

.debug_funcnames
 *(.debug_funcnames)

.debug_typenames
 *(.debug_typenames)

.debug_varnames
 *(.debug_varnames)

.debug_pubtypes
 *(.debug_pubtypes)

.debug_ranges
 *(.debug_ranges)

.debug_macro
 *(.debug_macro)
OUTPUT(main.elf elf32-avr)
LOAD linker stubs

Cross Reference Table

Symbol                                            File
TWIGetStatus                                      main.o
TWIReadACK                                        main.o
TWIReadNACK                                       main.o
TWIStart                                          main.o
TWIStop                                           main.o
TWIWrite                                          main.o
TWI_read_byte                                     main.o
TWI_write_3bytes                                  main.o
TWI_write_4bytes                                  main.o
TWI_write_5bytes                                  main.o
TWI_write_byte                                    main.o
TWI_write_word                                    main.o
TWIinit                                           main.o
Timer0Init                                        main.o
Timer1Init                                        main.o
__addsf3                                          /usr/lib/gcc/avr/4.9.2/../../../avr/lib/avr51/libm.a(addsf3.o)
                                                  main.o
__addsf3x                                         /usr/lib/gcc/avr/4.9.2/../../../avr/lib/avr51/libm.a(addsf3x.o)
                                                  /usr/lib/gcc/avr/4.9.2/../../../avr/lib/avr51/libm.a(addsf3.o)
__bad_interrupt                                   /usr/lib/gcc/avr/4.9.2/../../../avr/lib/avr51/crtatmega128.o
__bss_end                                         /usr/lib/gcc/avr/4.9.2/avr51/libgcc.a(_clear_bss.o)
__bss_start                                       /usr/lib/gcc/avr/4.9.2/avr51/libgcc.a(_clear_bss.o)
__cmpsf2                                          /usr/lib/gcc/avr/4.9.2/../../../avr/lib/avr51/libm.a(cmpsf2.o)
__data_end                                        /usr/lib/gcc/avr/4.9.2/avr51/libgcc.a(_copy_data.o)
__data_load_start                                 /usr/lib/gcc/avr/4.9.2/avr51/libgcc.a(_copy_data.o)
__data_start                                      /usr/lib/gcc/avr/4.9.2/avr51/libgcc.a(_copy_data.o)
__divsf3                                          /usr/lib/gcc/avr/4.9.2/../../../avr/lib/avr51/libm.a(divsf3.o)
                                                  main.o
__divsf3_pse                                      /usr/lib/gcc/avr/4.9.2/../../../avr/lib/avr51/libm.a(divsf3x.o)
__divsf3x                                         /usr/lib/gcc/avr/4.9.2/../../../avr/lib/avr51/libm.a(divsf3x.o)
                                                  /usr/lib/gcc/avr/4.9.2/../../../avr/lib/avr51/libm.a(divsf3.o)
__do_clear_bss                                    /usr/lib/gcc/avr/4.9.2/avr51/libgcc.a(_clear_bss.o)
                                                  hd44780.o
                                                  main.o
__do_copy_data                                    /usr/lib/gcc/avr/4.9.2/avr51/libgcc.a(_copy_data.o)
                                                  main.o
__eqsf2                                           /usr/lib/gcc/avr/4.9.2/../../../avr/lib/avr51/libm.a(cmpsf2.o)
__fixsfsi                                         /usr/lib/gcc/avr/4.9.2/../../../avr/lib/avr51/libm.a(fixsfsi.o)
                                                  main.o
__fixunssfsi                                      /usr/lib/gcc/avr/4.9.2/../../../avr/lib/avr51/libm.a(fixunssfsi.o)
                                                  /usr/lib/gcc/avr/4.9.2/../../../avr/lib/avr51/libm.a(fixsfsi.o)
                                                  main.o
__floatsisf                                       /usr/lib/gcc/avr/4.9.2/../../../avr/lib/avr51/libm.a(floatsisf.o)
                                                  main.o
__floatunsisf                                     /usr/lib/gcc/avr/4.9.2/../../../avr/lib/avr51/libm.a(floatsisf.o)
__fp_cmp                                          /usr/lib/gcc/avr/4.9.2/../../../avr/lib/avr51/libm.a(fp_cmp.o)
                                                  /usr/lib/gcc/avr/4.9.2/../../../avr/lib/avr51/libm.a(cmpsf2.o)
__fp_inf                                          /usr/lib/gcc/avr/4.9.2/../../../avr/lib/avr51/libm.a(fp_inf.o)
                                                  /usr/lib/gcc/avr/4.9.2/../../../avr/lib/avr51/libm.a(mulsf3x.o)
                                                  /usr/lib/gcc/avr/4.9.2/../../../avr/lib/avr51/libm.a(divsf3x.o)
                                                  /usr/lib/gcc/avr/4.9.2/../../../avr/lib/avr51/libm.a(addsf3x.o)
__fp_mintl                                        /usr/lib/gcc/avr/4.9.2/../../../avr/lib/avr51/libm.a(fp_mintl.o)
                                                  /usr/lib/gcc/avr/4.9.2/../../../avr/lib/avr51/libm.a(round.o)
                                                  /usr/lib/gcc/avr/4.9.2/../../../avr/lib/avr51/libm.a(floor.o)
__fp_mpack                                        /usr/lib/gcc/avr/4.9.2/../../../avr/lib/avr51/libm.a(fp_mpack.o)
                                                  /usr/lib/gcc/avr/4.9.2/../../../avr/lib/avr51/libm.a(round.o)
                                                  /usr/lib/gcc/avr/4.9.2/../../../avr/lib/avr51/libm.a(fmod.o)
                                                  /usr/lib/gcc/avr/4.9.2/../../../avr/lib/avr51/libm.a(floor.o)
__fp_mpack_finite                                 /usr/lib/gcc/avr/4.9.2/../../../avr/lib/avr51/libm.a(fp_mpack.o)
__fp_nan                                          /usr/lib/gcc/avr/4.9.2/../../../avr/lib/avr51/libm.a(fp_nan.o)
                                                  /usr/lib/gcc/avr/4.9.2/../../../avr/lib/avr51/libm.a(mulsf3x.o)
                                                  /usr/lib/gcc/avr/4.9.2/../../../avr/lib/avr51/libm.a(fmod.o)
                                                  /usr/lib/gcc/avr/4.9.2/../../../avr/lib/avr51/libm.a(divsf3x.o)
                                                  /usr/lib/gcc/avr/4.9.2/../../../avr/lib/avr51/libm.a(addsf3x.o)
__fp_pscA                                         /usr/lib/gcc/avr/4.9.2/../../../avr/lib/avr51/libm.a(fp_pscA.o)
                                                  /usr/lib/gcc/avr/4.9.2/../../../avr/lib/avr51/libm.a(mulsf3x.o)
                                                  /usr/lib/gcc/avr/4.9.2/../../../avr/lib/avr51/libm.a(fmod.o)
                                                  /usr/lib/gcc/avr/4.9.2/../../../avr/lib/avr51/libm.a(divsf3x.o)
                                                  /usr/lib/gcc/avr/4.9.2/../../../avr/lib/avr51/libm.a(addsf3x.o)
__fp_pscB                                         /usr/lib/gcc/avr/4.9.2/../../../avr/lib/avr51/libm.a(fp_pscB.o)
                                                  /usr/lib/gcc/avr/4.9.2/../../../avr/lib/avr51/libm.a(mulsf3x.o)
                                                  /usr/lib/gcc/avr/4.9.2/../../../avr/lib/avr51/libm.a(fmod.o)
                                                  /usr/lib/gcc/avr/4.9.2/../../../avr/lib/avr51/libm.a(divsf3x.o)
                                                  /usr/lib/gcc/avr/4.9.2/../../../avr/lib/avr51/libm.a(addsf3x.o)
__fp_round                                        /usr/lib/gcc/avr/4.9.2/../../../avr/lib/avr51/libm.a(fp_round.o)
                                                  /usr/lib/gcc/avr/4.9.2/../../../avr/lib/avr51/libm.a(mulsf3.o)
                                                  /usr/lib/gcc/avr/4.9.2/../../../avr/lib/avr51/libm.a(divsf3.o)
                                                  /usr/lib/gcc/avr/4.9.2/../../../avr/lib/avr51/libm.a(addsf3.o)
__fp_split3                                       /usr/lib/gcc/avr/4.9.2/../../../avr/lib/avr51/libm.a(fp_split3.o)
                                                  /usr/lib/gcc/avr/4.9.2/../../../avr/lib/avr51/libm.a(mulsf3x.o)
                                                  /usr/lib/gcc/avr/4.9.2/../../../avr/lib/avr51/libm.a(fmod.o)
                                                  /usr/lib/gcc/avr/4.9.2/../../../avr/lib/avr51/libm.a(divsf3x.o)
                                                  /usr/lib/gcc/avr/4.9.2/../../../avr/lib/avr51/libm.a(addsf3x.o)
__fp_splitA                                       /usr/lib/gcc/avr/4.9.2/../../../avr/lib/avr51/libm.a(fp_split3.o)
                                                  /usr/lib/gcc/avr/4.9.2/../../../avr/lib/avr51/libm.a(round.o)
                                                  /usr/lib/gcc/avr/4.9.2/../../../avr/lib/avr51/libm.a(fp_trunc.o)
                                                  /usr/lib/gcc/avr/4.9.2/../../../avr/lib/avr51/libm.a(fixunssfsi.o)
__fp_szero                                        /usr/lib/gcc/avr/4.9.2/../../../avr/lib/avr51/libm.a(fp_zero.o)
                                                  /usr/lib/gcc/avr/4.9.2/../../../avr/lib/avr51/libm.a(round.o)
                                                  /usr/lib/gcc/avr/4.9.2/../../../avr/lib/avr51/libm.a(mulsf3x.o)
                                                  /usr/lib/gcc/avr/4.9.2/../../../avr/lib/avr51/libm.a(fmod.o)
                                                  /usr/lib/gcc/avr/4.9.2/../../../avr/lib/avr51/libm.a(floor.o)
                                                  /usr/lib/gcc/avr/4.9.2/../../../avr/lib/avr51/libm.a(fixsfsi.o)
                                                  /usr/lib/gcc/avr/4.9.2/../../../avr/lib/avr51/libm.a(divsf3x.o)
__fp_trunc                                        /usr/lib/gcc/avr/4.9.2/../../../avr/lib/avr51/libm.a(fp_trunc.o)
                                                  /usr/lib/gcc/avr/4.9.2/../../../avr/lib/avr51/libm.a(floor.o)
__fp_zero                                         /usr/lib/gcc/avr/4.9.2/../../../avr/lib/avr51/libm.a(fp_zero.o)
                                                  /usr/lib/gcc/avr/4.9.2/../../../avr/lib/avr51/libm.a(fixunssfsi.o)
                                                  /usr/lib/gcc/avr/4.9.2/../../../avr/lib/avr51/libm.a(addsf3x.o)
__ftoa_engine                                     /usr/lib/gcc/avr/4.9.2/../../../avr/lib/avr51/libc.a(ftoa_engine.o)
                                                  /usr/lib/gcc/avr/4.9.2/../../../avr/lib/avr51/libprintf_flt.a(vfprintf_flt.o)
__heap_end                                        /usr/lib/gcc/avr/4.9.2/../../../avr/lib/avr51/crtatmega128.o
__init                                            /usr/lib/gcc/avr/4.9.2/../../../avr/lib/avr51/crtatmega128.o
__lesf2                                           /usr/lib/gcc/avr/4.9.2/../../../avr/lib/avr51/libm.a(cmpsf2.o)
__ltsf2                                           /usr/lib/gcc/avr/4.9.2/../../../avr/lib/avr51/libm.a(cmpsf2.o)
                                                  main.o
__mulsf3                                          /usr/lib/gcc/avr/4.9.2/../../../avr/lib/avr51/libm.a(mulsf3.o)
                                                  main.o
__mulsf3_pse                                      /usr/lib/gcc/avr/4.9.2/../../../avr/lib/avr51/libm.a(mulsf3x.o)
__mulsf3x                                         /usr/lib/gcc/avr/4.9.2/../../../avr/lib/avr51/libm.a(mulsf3x.o)
                                                  /usr/lib/gcc/avr/4.9.2/../../../avr/lib/avr51/libm.a(mulsf3.o)
__nesf2                                           /usr/lib/gcc/avr/4.9.2/../../../avr/lib/avr51/libm.a(cmpsf2.o)
                                                  main.o
__stack                                           /usr/lib/gcc/avr/4.9.2/../../../avr/lib/avr51/crtatmega128.o
__subsf3                                          /usr/lib/gcc/avr/4.9.2/../../../avr/lib/avr51/libm.a(addsf3.o)
                                                  main.o
__ultoa_invert                                    /usr/lib/gcc/avr/4.9.2/../../../avr/lib/avr51/libc.a(ultoa_invert.o)
                                                  /usr/lib/gcc/avr/4.9.2/../../../avr/lib/avr51/libprintf_flt.a(vfprintf_flt.o)
__vector_1                                        /usr/lib/gcc/avr/4.9.2/../../../avr/lib/avr51/crtatmega128.o
__vector_10                                       /usr/lib/gcc/avr/4.9.2/../../../avr/lib/avr51/crtatmega128.o
__vector_11                                       /usr/lib/gcc/avr/4.9.2/../../../avr/lib/avr51/crtatmega128.o
__vector_12                                       main.o
                                                  /usr/lib/gcc/avr/4.9.2/../../../avr/lib/avr51/crtatmega128.o
__vector_13                                       /usr/lib/gcc/avr/4.9.2/../../../avr/lib/avr51/crtatmega128.o
__vector_14                                       /usr/lib/gcc/avr/4.9.2/../../../avr/lib/avr51/crtatmega128.o
__vector_15                                       main.o
                                                  /usr/lib/gcc/avr/4.9.2/../../../avr/lib/avr51/crtatmega128.o
__vector_16                                       /usr/lib/gcc/avr/4.9.2/../../../avr/lib/avr51/crtatmega128.o
__vector_17                                       /usr/lib/gcc/avr/4.9.2/../../../avr/lib/avr51/crtatmega128.o
__vector_18                                       /usr/lib/gcc/avr/4.9.2/../../../avr/lib/avr51/crtatmega128.o
__vector_19                                       /usr/lib/gcc/avr/4.9.2/../../../avr/lib/avr51/crtatmega128.o
__vector_2                                        /usr/lib/gcc/avr/4.9.2/../../../avr/lib/avr51/crtatmega128.o
__vector_20                                       /usr/lib/gcc/avr/4.9.2/../../../avr/lib/avr51/crtatmega128.o
__vector_21                                       /usr/lib/gcc/avr/4.9.2/../../../avr/lib/avr51/crtatmega128.o
__vector_22                                       /usr/lib/gcc/avr/4.9.2/../../../avr/lib/avr51/crtatmega128.o
__vector_23                                       /usr/lib/gcc/avr/4.9.2/../../../avr/lib/avr51/crtatmega128.o
__vector_24                                       /usr/lib/gcc/avr/4.9.2/../../../avr/lib/avr51/crtatmega128.o
__vector_25                                       /usr/lib/gcc/avr/4.9.2/../../../avr/lib/avr51/crtatmega128.o
__vector_26                                       /usr/lib/gcc/avr/4.9.2/../../../avr/lib/avr51/crtatmega128.o
__vector_27                                       /usr/lib/gcc/avr/4.9.2/../../../avr/lib/avr51/crtatmega128.o
__vector_28                                       /usr/lib/gcc/avr/4.9.2/../../../avr/lib/avr51/crtatmega128.o
__vector_29                                       /usr/lib/gcc/avr/4.9.2/../../../avr/lib/avr51/crtatmega128.o
__vector_3                                        main.o
                                                  /usr/lib/gcc/avr/4.9.2/../../../avr/lib/avr51/crtatmega128.o
__vector_30                                       /usr/lib/gcc/avr/4.9.2/../../../avr/lib/avr51/crtatmega128.o
__vector_31                                       /usr/lib/gcc/avr/4.9.2/../../../avr/lib/avr51/crtatmega128.o
__vector_32                                       /usr/lib/gcc/avr/4.9.2/../../../avr/lib/avr51/crtatmega128.o
__vector_33                                       /usr/lib/gcc/avr/4.9.2/../../../avr/lib/avr51/crtatmega128.o
__vector_34                                       /usr/lib/gcc/avr/4.9.2/../../../avr/lib/avr51/crtatmega128.o
__vector_4                                        main.o
                                                  /usr/lib/gcc/avr/4.9.2/../../../avr/lib/avr51/crtatmega128.o
__vector_5                                        main.o
                                                  /usr/lib/gcc/avr/4.9.2/../../../avr/lib/avr51/crtatmega128.o
__vector_6                                        main.o
                                                  /usr/lib/gcc/avr/4.9.2/../../../avr/lib/avr51/crtatmega128.o
__vector_7                                        main.o
                                                  /usr/lib/gcc/avr/4.9.2/../../../avr/lib/avr51/crtatmega128.o
__vector_8                                        main.o
                                                  /usr/lib/gcc/avr/4.9.2/../../../avr/lib/avr51/crtatmega128.o
__vector_9                                        /usr/lib/gcc/avr/4.9.2/../../../avr/lib/avr51/crtatmega128.o
__vector_default                                  /usr/lib/gcc/avr/4.9.2/../../../avr/lib/avr51/crtatmega128.o
__vectors                                         /usr/lib/gcc/avr/4.9.2/../../../avr/lib/avr51/crtatmega128.o
_exit                                             /usr/lib/gcc/avr/4.9.2/avr51/libgcc.a(_exit.o)
adcInit                                           main.o
band                                              main.o
band_flag                                         main.o
band_timer                                        main.o
bandf                                             main.o
clar                                              main.o
exit                                              /usr/lib/gcc/avr/4.9.2/avr51/libgcc.a(_exit.o)
                                                  /usr/lib/gcc/avr/4.9.2/../../../avr/lib/avr51/crtatmega128.o
floor                                             /usr/lib/gcc/avr/4.9.2/../../../avr/lib/avr51/libm.a(floor.o)
                                                  main.o
fmod                                              /usr/lib/gcc/avr/4.9.2/../../../avr/lib/avr51/libm.a(fmod.o)
                                                  main.o
fputc                                             /usr/lib/gcc/avr/4.9.2/../../../avr/lib/avr51/libc.a(fputc.o)
                                                  /usr/lib/gcc/avr/4.9.2/../../../avr/lib/avr51/libprintf_flt.a(vfprintf_flt.o)
freq                                              main.o
freq_offset                                       main.o
lcd_clrscr                                        hd44780.o
                                                  main.o
lcd_command                                       hd44780.o
lcd_freq                                          main.o
lcd_getc                                          hd44780.o
lcd_goto                                          hd44780.o
                                                  main.o
lcd_home                                          hd44780.o
lcd_init                                          hd44780.o
                                                  main.o
lcd_putc                                          hd44780.o
lcd_puts                                          hd44780.o
                                                  main.o
lcd_puts_P                                        hd44780.o
main                                              main.o
                                                  /usr/lib/gcc/avr/4.9.2/../../../avr/lib/avr51/crtatmega128.o
mode                                              main.o
mode_flag                                         main.o
pll_n                                             main.o
readClar                                          main.o
rffe_rx_att                                       main.o
rot_flag                                          main.o
round                                             /usr/lib/gcc/avr/4.9.2/../../../avr/lib/avr51/libm.a(round.o)
                                                  main.o
rx_att                                            main.o
sprintf                                           /usr/lib/gcc/avr/4.9.2/../../../avr/lib/avr51/libc.a(sprintf.o)
                                                  main.o
step_timer                                        main.o
strcpy                                            /usr/lib/gcc/avr/4.9.2/../../../avr/lib/avr51/libc.a(strcpy.o)
                                                  main.o
strcpy_P                                          /usr/lib/gcc/avr/4.9.2/../../../avr/lib/avr51/libc.a(strcpy_P.o)
                                                  main.o
strnlen                                           /usr/lib/gcc/avr/4.9.2/../../../avr/lib/avr51/libc.a(strnlen.o)
                                                  /usr/lib/gcc/avr/4.9.2/../../../avr/lib/avr51/libprintf_flt.a(vfprintf_flt.o)
strnlen_P                                         /usr/lib/gcc/avr/4.9.2/../../../avr/lib/avr51/libc.a(strnlen_P.o)
                                                  /usr/lib/gcc/avr/4.9.2/../../../avr/lib/avr51/libprintf_flt.a(vfprintf_flt.o)
timer_flag                                        main.o
tx                                                main.o
tx_att                                            main.o
updateFreq                                        main.o
updateRFFE                                        main.o
updateSettings                                    main.o
updateVolumeSquelch                               main.o
vfprintf                                          /usr/lib/gcc/avr/4.9.2/../../../avr/lib/avr51/libprintf_flt.a(vfprintf_flt.o)
                                                  /usr/lib/gcc/avr/4.9.2/../../../avr/lib/avr51/libc.a(sprintf.o)
vol_flag                                          main.o
vol_timer                                         main.o
